2026-09-21 17:37:55.513 -06:00 [INF] User profile is available. Using 'C:\Users\User\AppData\Local\ASP.NET\DataProtection-Keys' as key repository and Windows DPAPI to encrypt keys at rest.
2026-09-21 17:37:56.266 -06:00 [INF] Now listening on: https://localhost:5081
2026-09-21 17:37:56.270 -06:00 [INF] Now listening on: http://localhost:5080
2026-09-21 17:37:56.275 -06:00 [INF] Application started. Press Ctrl+C to shut down.
2026-09-21 17:37:56.277 -06:00 [INF] Hosting environment: Development
2026-09-21 17:37:56.279 -06:00 [INF] Content root path: C:\NG\Angular\shekina-site\backend\src\Shekinah.Api
2026-09-21 17:37:56.610 -06:00 [INF] Request starting HTTP/2 GET https://localhost:5081/scalar/v1 - null null
2026-09-21 17:37:56.783 -06:00 [INF] Authorization failed. These requirements were not met:
DenyAnonymousAuthorizationRequirement: Requires an authenticated user.
2026-09-21 17:37:56.790 -06:00 [INF] AuthenticationScheme: Bearer was challenged.
2026-09-21 17:37:56.795 -06:00 [INF] Request finished HTTP/2 GET https://localhost:5081/scalar/v1 - 401 0 null 190.4847ms
2026-09-21 17:51:17.432 -06:00 [INF] Request starting HTTP/1.1 GET https://localhost:5081/api/v1/auth/me - null null
2026-09-21 17:51:17.718 -06:00 [INF] Failed to validate the token.
Microsoft.IdentityModel.Tokens.SecurityTokenExpiredException: IDX10223: Lifetime validation failed. The token is expired. ValidTo (UTC): '9/19/2026 6:01:43 PM', Current time (UTC): '9/21/2026 11:51:17 PM'.
   at Microsoft.IdentityModel.Tokens.ValidatorUtilities.ValidateLifetime(Nullable`1 notBefore, Nullable`1 expires, SecurityToken securityToken, TokenValidationParameters validationParameters)
   at Microsoft.IdentityModel.Tokens.Validators.ValidateLifetime(Nullable`1 notBefore, Nullable`1 expires, SecurityToken securityToken, TokenValidationParameters validationParameters)
   at Microsoft.IdentityModel.JsonWebTokens.JsonWebTokenHandler.ValidateTokenPayloadAsync(JsonWebToken jsonWebToken, TokenValidationParameters validationParameters, BaseConfiguration configuration)
   at Microsoft.IdentityModel.JsonWebTokens.JsonWebTokenHandler.ValidateJWSAsync(JsonWebToken jsonWebToken, TokenValidationParameters validationParameters, BaseConfiguration configuration)
2026-09-21 17:51:17.746 -06:00 [INF] Bearer was not authenticated. Failure message: IDX10223: Lifetime validation failed. The token is expired. ValidTo (UTC): '9/19/2026 6:01:43 PM', Current time (UTC): '9/21/2026 11:51:17 PM'.
2026-09-21 17:51:17.751 -06:00 [INF] Authorization failed. These requirements were not met:
DenyAnonymousAuthorizationRequirement: Requires an authenticated user.
2026-09-21 17:51:17.759 -06:00 [INF] AuthenticationScheme: Bearer was challenged.
2026-09-21 17:51:17.766 -06:00 [INF] Request finished HTTP/1.1 GET https://localhost:5081/api/v1/auth/me - 401 0 null 334.1833ms
2026-09-21 17:51:17.786 -06:00 [INF] Request starting HTTP/1.1 GET https://localhost:5081/api/v1/auth/me - null null
2026-09-21 17:51:17.814 -06:00 [INF] Failed to validate the token.
Microsoft.IdentityModel.Tokens.SecurityTokenExpiredException: IDX10223: Lifetime validation failed. The token is expired. ValidTo (UTC): '9/19/2026 6:01:43 PM', Current time (UTC): '9/21/2026 11:51:17 PM'.
   at Microsoft.IdentityModel.Tokens.ValidatorUtilities.ValidateLifetime(Nullable`1 notBefore, Nullable`1 expires, SecurityToken securityToken, TokenValidationParameters validationParameters)
   at Microsoft.IdentityModel.Tokens.Validators.ValidateLifetime(Nullable`1 notBefore, Nullable`1 expires, SecurityToken securityToken, TokenValidationParameters validationParameters)
   at Microsoft.IdentityModel.JsonWebTokens.JsonWebTokenHandler.ValidateTokenPayloadAsync(JsonWebToken jsonWebToken, TokenValidationParameters validationParameters, BaseConfiguration configuration)
   at Microsoft.IdentityModel.JsonWebTokens.JsonWebTokenHandler.ValidateJWSAsync(JsonWebToken jsonWebToken, TokenValidationParameters validationParameters, BaseConfiguration configuration)
2026-09-21 17:51:17.822 -06:00 [INF] Bearer was not authenticated. Failure message: IDX10223: Lifetime validation failed. The token is expired. ValidTo (UTC): '9/19/2026 6:01:43 PM', Current time (UTC): '9/21/2026 11:51:17 PM'.
2026-09-21 17:51:17.828 -06:00 [INF] Authorization failed. These requirements were not met:
DenyAnonymousAuthorizationRequirement: Requires an authenticated user.
2026-09-21 17:51:17.830 -06:00 [INF] AuthenticationScheme: Bearer was challenged.
2026-09-21 17:51:17.834 -06:00 [INF] Request finished HTTP/1.1 GET https://localhost:5081/api/v1/auth/me - 401 0 null 47.956ms
2026-09-21 17:51:17.851 -06:00 [INF] Request starting HTTP/1.1 POST https://localhost:5081/api/v1/auth/refresh - application/json 105
2026-09-21 17:51:17.858 -06:00 [INF] CORS policy execution successful.
2026-09-21 17:51:17.861 -06:00 [INF] Failed to validate the token.
Microsoft.IdentityModel.Tokens.SecurityTokenExpiredException: IDX10223: Lifetime validation failed. The token is expired. ValidTo (UTC): '9/19/2026 6:01:43 PM', Current time (UTC): '9/21/2026 11:51:17 PM'.
   at Microsoft.IdentityModel.Tokens.ValidatorUtilities.ValidateLifetime(Nullable`1 notBefore, Nullable`1 expires, SecurityToken securityToken, TokenValidationParameters validationParameters)
   at Microsoft.IdentityModel.Tokens.Validators.ValidateLifetime(Nullable`1 notBefore, Nullable`1 expires, SecurityToken securityToken, TokenValidationParameters validationParameters)
   at Microsoft.IdentityModel.JsonWebTokens.JsonWebTokenHandler.ValidateTokenPayloadAsync(JsonWebToken jsonWebToken, TokenValidationParameters validationParameters, BaseConfiguration configuration)
   at Microsoft.IdentityModel.JsonWebTokens.JsonWebTokenHandler.ValidateJWSAsync(JsonWebToken jsonWebToken, TokenValidationParameters validationParameters, BaseConfiguration configuration)
2026-09-21 17:51:17.869 -06:00 [INF] Bearer was not authenticated. Failure message: IDX10223: Lifetime validation failed. The token is expired. ValidTo (UTC): '9/19/2026 6:01:43 PM', Current time (UTC): '9/21/2026 11:51:17 PM'.
2026-09-21 17:51:17.880 -06:00 [INF] Executing endpoint 'HTTP: POST /api/v1/auth/refresh'
2026-09-21 17:51:17.904 -06:00 [INF] Request starting HTTP/1.1 POST https://localhost:5081/api/v1/auth/refresh - application/json 105
2026-09-21 17:51:17.911 -06:00 [INF] CORS policy execution successful.
2026-09-21 17:51:17.914 -06:00 [INF] Failed to validate the token.
Microsoft.IdentityModel.Tokens.SecurityTokenExpiredException: IDX10223: Lifetime validation failed. The token is expired. ValidTo (UTC): '9/19/2026 6:01:43 PM', Current time (UTC): '9/21/2026 11:51:17 PM'.
   at Microsoft.IdentityModel.Tokens.ValidatorUtilities.ValidateLifetime(Nullable`1 notBefore, Nullable`1 expires, SecurityToken securityToken, TokenValidationParameters validationParameters)
   at Microsoft.IdentityModel.Tokens.Validators.ValidateLifetime(Nullable`1 notBefore, Nullable`1 expires, SecurityToken securityToken, TokenValidationParameters validationParameters)
   at Microsoft.IdentityModel.JsonWebTokens.JsonWebTokenHandler.ValidateTokenPayloadAsync(JsonWebToken jsonWebToken, TokenValidationParameters validationParameters, BaseConfiguration configuration)
   at Microsoft.IdentityModel.JsonWebTokens.JsonWebTokenHandler.ValidateJWSAsync(JsonWebToken jsonWebToken, TokenValidationParameters validationParameters, BaseConfiguration configuration)
2026-09-21 17:51:17.918 -06:00 [INF] Bearer was not authenticated. Failure message: IDX10223: Lifetime validation failed. The token is expired. ValidTo (UTC): '9/19/2026 6:01:43 PM', Current time (UTC): '9/21/2026 11:51:17 PM'.
2026-09-21 17:51:17.921 -06:00 [INF] Executing endpoint 'HTTP: POST /api/v1/auth/refresh'
2026-09-21 17:51:17.921 -06:00 [INF] Ejecutando RefreshTokenCommand
2026-09-21 17:51:17.929 -06:00 [INF] Ejecutando RefreshTokenCommand
2026-09-21 17:51:18.120 -06:00 [INF] RefreshTokenCommand completado
2026-09-21 17:51:18.121 -06:00 [INF] RefreshTokenCommand completado
2026-09-21 17:51:18.134 -06:00 [INF] Setting HTTP status code 200.
2026-09-21 17:51:18.134 -06:00 [INF] Setting HTTP status code 200.
2026-09-21 17:51:18.142 -06:00 [INF] Writing value of type 'RefreshTokenResponse' as Json.
2026-09-21 17:51:18.142 -06:00 [INF] Writing value of type 'RefreshTokenResponse' as Json.
2026-09-21 17:51:18.153 -06:00 [INF] Executed endpoint 'HTTP: POST /api/v1/auth/refresh'
2026-09-21 17:51:18.153 -06:00 [INF] Executed endpoint 'HTTP: POST /api/v1/auth/refresh'
2026-09-21 17:51:18.161 -06:00 [INF] Request finished HTTP/1.1 POST https://localhost:5081/api/v1/auth/refresh - 499 null application/json; charset=utf-8 309.8665ms
2026-09-21 17:51:18.161 -06:00 [INF] Request finished HTTP/1.1 POST https://localhost:5081/api/v1/auth/refresh - 200 null application/json; charset=utf-8 256.7051ms
2026-09-21 17:51:18.168 -06:00 [INF] Request starting HTTP/1.1 GET https://localhost:5081/api/v1/auth/me - null null
2026-09-21 17:51:18.192 -06:00 [INF] Executing endpoint 'HTTP: GET /api/v1/auth/me'
2026-09-21 17:51:18.196 -06:00 [INF] Ejecutando GetCurrentUserQuery
2026-09-21 17:51:18.206 -06:00 [INF] GetCurrentUserQuery completado
2026-09-21 17:51:18.207 -06:00 [INF] Setting HTTP status code 200.
2026-09-21 17:51:18.210 -06:00 [INF] Writing value of type 'CurrentUserResponse' as Json.
2026-09-21 17:51:18.220 -06:00 [INF] Executed endpoint 'HTTP: GET /api/v1/auth/me'
2026-09-21 17:51:18.222 -06:00 [INF] Request finished HTTP/1.1 GET https://localhost:5081/api/v1/auth/me - 200 null application/json; charset=utf-8 53.6905ms
2026-09-21 17:51:27.567 -06:00 [INF] Request starting HTTP/1.1 GET https://localhost:5081/api/v1/auth/me - null null
2026-09-21 17:51:27.579 -06:00 [INF] Executing endpoint 'HTTP: GET /api/v1/auth/me'
2026-09-21 17:51:27.583 -06:00 [INF] Ejecutando GetCurrentUserQuery
2026-09-21 17:51:27.586 -06:00 [INF] GetCurrentUserQuery completado
2026-09-21 17:51:27.588 -06:00 [INF] Setting HTTP status code 200.
2026-09-21 17:51:27.589 -06:00 [INF] Writing value of type 'CurrentUserResponse' as Json.
2026-09-21 17:51:27.603 -06:00 [INF] Executed endpoint 'HTTP: GET /api/v1/auth/me'
2026-09-21 17:51:27.606 -06:00 [INF] Request finished HTTP/1.1 GET https://localhost:5081/api/v1/auth/me - 200 null application/json; charset=utf-8 39.5477ms
2026-09-21 17:51:33.165 -06:00 [INF] Request starting HTTP/1.1 GET https://localhost:5081/api/v1/calendar - null null
2026-09-21 17:51:33.171 -06:00 [INF] Executing endpoint 'HTTP: GET /api/v1/calendar/'
2026-09-21 17:51:33.177 -06:00 [INF] Ejecutando GetPublicCalendarEventsQuery
2026-09-21 17:51:33.255 -06:00 [INF] GetPublicCalendarEventsQuery completado
2026-09-21 17:51:33.257 -06:00 [INF] Setting HTTP status code 200.
2026-09-21 17:51:33.260 -06:00 [INF] Writing value of type 'List`1' as Json.
2026-09-21 17:51:33.266 -06:00 [INF] Executed endpoint 'HTTP: GET /api/v1/calendar/'
2026-09-21 17:51:33.269 -06:00 [INF] Request finished HTTP/1.1 GET https://localhost:5081/api/v1/calendar - 200 null application/json; charset=utf-8 102.9675ms
2026-09-21 17:51:37.731 -06:00 [INF] Request starting HTTP/1.1 GET https://localhost:5081/api/v1/catalog/regions - null null
2026-09-21 17:51:37.737 -06:00 [INF] Executing endpoint 'HTTP: GET /api/v1/catalog/regions'
2026-09-21 17:51:37.739 -06:00 [INF] Request starting HTTP/1.1 GET https://localhost:5081/api/v1/users?role=Student&pageSize=500 - null null
2026-09-21 17:51:37.744 -06:00 [INF] Ejecutando GetRegionsQuery
2026-09-21 17:51:37.746 -06:00 [INF] Executing endpoint 'HTTP: GET /api/v1/users/'
2026-09-21 17:51:37.752 -06:00 [INF] GetRegionsQuery completado
2026-09-21 17:51:37.757 -06:00 [INF] Setting HTTP status code 200.
2026-09-21 17:51:37.757 -06:00 [INF] Ejecutando GetUsersQuery
2026-09-21 17:51:37.761 -06:00 [INF] Writing value of type 'List`1' as Json.
2026-09-21 17:51:37.768 -06:00 [INF] Executed endpoint 'HTTP: GET /api/v1/catalog/regions'
2026-09-21 17:51:37.770 -06:00 [INF] Request finished HTTP/1.1 GET https://localhost:5081/api/v1/catalog/regions - 200 null application/json; charset=utf-8 39.5038ms
2026-09-21 17:51:37.817 -06:00 [INF] GetUsersQuery completado
2026-09-21 17:51:37.819 -06:00 [INF] Setting HTTP status code 200.
2026-09-21 17:51:37.823 -06:00 [INF] Writing value of type 'PagedResult`1' as Json.
2026-09-21 17:51:37.830 -06:00 [INF] Executed endpoint 'HTTP: GET /api/v1/users/'
2026-09-21 17:51:37.833 -06:00 [INF] Request finished HTTP/1.1 GET https://localhost:5081/api/v1/users?role=Student&pageSize=500 - 200 null application/json; charset=utf-8 93.5895ms
2026-09-21 17:51:41.623 -06:00 [INF] Request starting HTTP/1.1 GET https://localhost:5081/api/v1/users?role=Student&pageSize=500 - null null
2026-09-21 17:51:41.628 -06:00 [INF] Executing endpoint 'HTTP: GET /api/v1/users/'
2026-09-21 17:51:41.633 -06:00 [INF] Ejecutando GetUsersQuery
2026-09-21 17:51:41.637 -06:00 [INF] GetUsersQuery completado
2026-09-21 17:51:41.639 -06:00 [INF] Setting HTTP status code 200.
2026-09-21 17:51:41.641 -06:00 [INF] Writing value of type 'PagedResult`1' as Json.
2026-09-21 17:51:41.644 -06:00 [INF] Executed endpoint 'HTTP: GET /api/v1/users/'
2026-09-21 17:51:41.646 -06:00 [INF] Request finished HTTP/1.1 GET https://localhost:5081/api/v1/users?role=Student&pageSize=500 - 200 null application/json; charset=utf-8 23.0196ms
2026-09-21 17:51:43.484 -06:00 [INF] Request starting HTTP/1.1 GET https://localhost:5081/api/v1/announcements?limit=30 - null null
2026-09-21 17:51:43.490 -06:00 [INF] Executing endpoint 'HTTP: GET /api/v1/announcements/'
2026-09-21 17:51:43.496 -06:00 [INF] Ejecutando GetAnnouncementsQuery
2026-09-21 17:51:43.504 -06:00 [INF] GetAnnouncementsQuery completado
2026-09-21 17:51:43.506 -06:00 [INF] Setting HTTP status code 200.
2026-09-21 17:51:43.509 -06:00 [INF] Writing value of type 'List`1' as Json.
2026-09-21 17:51:43.511 -06:00 [INF] Executed endpoint 'HTTP: GET /api/v1/announcements/'
2026-09-21 17:51:43.514 -06:00 [INF] Request finished HTTP/1.1 GET https://localhost:5081/api/v1/announcements?limit=30 - 200 null application/json; charset=utf-8 29.213ms
2026-09-21 17:51:46.437 -06:00 [INF] Request starting HTTP/1.1 GET https://localhost:5081/api/v1/catalog/regions - null null
2026-09-21 17:51:46.443 -06:00 [INF] Request starting HTTP/1.1 GET https://localhost:5081/api/v1/calendar?from=2026-08-25T06:00:00.000Z&to=2026-10-07T06:00:00.000Z - null null
2026-09-21 17:51:46.443 -06:00 [INF] Executing endpoint 'HTTP: GET /api/v1/catalog/regions'
2026-09-21 17:51:46.447 -06:00 [INF] Executing endpoint 'HTTP: GET /api/v1/calendar/'
2026-09-21 17:51:46.450 -06:00 [INF] Ejecutando GetRegionsQuery
2026-09-21 17:51:46.454 -06:00 [INF] GetRegionsQuery completado
2026-09-21 17:51:46.455 -06:00 [INF] Ejecutando GetPublicCalendarEventsQuery
2026-09-21 17:51:46.457 -06:00 [INF] Setting HTTP status code 200.
2026-09-21 17:51:46.460 -06:00 [INF] GetPublicCalendarEventsQuery completado
2026-09-21 17:51:46.460 -06:00 [INF] Writing value of type 'List`1' as Json.
2026-09-21 17:51:46.462 -06:00 [INF] Setting HTTP status code 200.
2026-09-21 17:51:46.464 -06:00 [INF] Executed endpoint 'HTTP: GET /api/v1/catalog/regions'
2026-09-21 17:51:46.466 -06:00 [INF] Writing value of type 'List`1' as Json.
2026-09-21 17:51:46.468 -06:00 [INF] Request finished HTTP/1.1 GET https://localhost:5081/api/v1/catalog/regions - 200 null application/json; charset=utf-8 30.6347ms
2026-09-21 17:51:46.470 -06:00 [INF] Executed endpoint 'HTTP: GET /api/v1/calendar/'
2026-09-21 17:51:46.478 -06:00 [INF] Request finished HTTP/1.1 GET https://localhost:5081/api/v1/calendar?from=2026-08-25T06:00:00.000Z&to=2026-10-07T06:00:00.000Z - 200 null application/json; charset=utf-8 35.8313ms
2026-09-21 17:53:56.684 -06:00 [INF] Request starting HTTP/1.1 GET https://localhost:5081/api/v1/auth/me - null null
2026-09-21 17:53:56.690 -06:00 [INF] Executing endpoint 'HTTP: GET /api/v1/auth/me'
2026-09-21 17:53:56.702 -06:00 [INF] Ejecutando GetCurrentUserQuery
2026-09-21 17:53:56.707 -06:00 [INF] GetCurrentUserQuery completado
2026-09-21 17:53:56.710 -06:00 [INF] Setting HTTP status code 200.
2026-09-21 17:53:56.713 -06:00 [INF] Writing value of type 'CurrentUserResponse' as Json.
2026-09-21 17:53:56.717 -06:00 [INF] Executed endpoint 'HTTP: GET /api/v1/auth/me'
2026-09-21 17:53:56.720 -06:00 [INF] Request finished HTTP/1.1 GET https://localhost:5081/api/v1/auth/me - 200 null application/json; charset=utf-8 36.0435ms
2026-09-21 17:53:57.490 -06:00 [INF] Request starting HTTP/1.1 GET https://localhost:5081/api/v1/auth/me - null null
2026-09-21 17:53:57.494 -06:00 [INF] Executing endpoint 'HTTP: GET /api/v1/auth/me'
2026-09-21 17:53:57.497 -06:00 [INF] Ejecutando GetCurrentUserQuery
2026-09-21 17:53:57.499 -06:00 [INF] GetCurrentUserQuery completado
2026-09-21 17:53:57.501 -06:00 [INF] Setting HTTP status code 200.
2026-09-21 17:53:57.503 -06:00 [INF] Writing value of type 'CurrentUserResponse' as Json.
2026-09-21 17:53:57.505 -06:00 [INF] Executed endpoint 'HTTP: GET /api/v1/auth/me'
2026-09-21 17:53:57.507 -06:00 [INF] Request finished HTTP/1.1 GET https://localhost:5081/api/v1/auth/me - 200 null application/json; charset=utf-8 16.8541ms
2026-09-21 17:53:57.885 -06:00 [INF] Request starting HTTP/1.1 GET https://localhost:5081/api/v1/catalog/regions - null null
2026-09-21 17:53:57.889 -06:00 [INF] Executing endpoint 'HTTP: GET /api/v1/catalog/regions'
2026-09-21 17:53:57.898 -06:00 [INF] Ejecutando GetRegionsQuery
2026-09-21 17:53:57.902 -06:00 [INF] GetRegionsQuery completado
2026-09-21 17:53:57.903 -06:00 [INF] Request starting HTTP/1.1 GET https://localhost:5081/api/v1/calendar?from=2026-08-25T06:00:00.000Z&to=2026-10-07T06:00:00.000Z - null null
2026-09-21 17:53:57.904 -06:00 [INF] Setting HTTP status code 200.
2026-09-21 17:53:57.909 -06:00 [INF] Executing endpoint 'HTTP: GET /api/v1/calendar/'
2026-09-21 17:53:57.911 -06:00 [INF] Writing value of type 'List`1' as Json.
2026-09-21 17:53:57.916 -06:00 [INF] Executed endpoint 'HTTP: GET /api/v1/catalog/regions'
2026-09-21 17:53:57.919 -06:00 [INF] Request finished HTTP/1.1 GET https://localhost:5081/api/v1/catalog/regions - 200 null application/json; charset=utf-8 33.4753ms
2026-09-21 17:53:57.921 -06:00 [INF] Ejecutando GetPublicCalendarEventsQuery
2026-09-21 17:53:57.929 -06:00 [INF] GetPublicCalendarEventsQuery completado
2026-09-21 17:53:57.931 -06:00 [INF] Setting HTTP status code 200.
2026-09-21 17:53:57.934 -06:00 [INF] Writing value of type 'List`1' as Json.
2026-09-21 17:53:57.936 -06:00 [INF] Executed endpoint 'HTTP: GET /api/v1/calendar/'
2026-09-21 17:53:57.938 -06:00 [INF] Request finished HTTP/1.1 GET https://localhost:5081/api/v1/calendar?from=2026-08-25T06:00:00.000Z&to=2026-10-07T06:00:00.000Z - 200 null application/json; charset=utf-8 35.8349ms
2026-09-21 17:55:11.065 -06:00 [INF] Request starting HTTP/1.1 GET https://localhost:5081/api/v1/auth/me - null null
2026-09-21 17:55:11.102 -06:00 [INF] Executing endpoint 'HTTP: GET /api/v1/auth/me'
2026-09-21 17:55:11.148 -06:00 [INF] Ejecutando GetCurrentUserQuery
2026-09-21 17:55:11.156 -06:00 [INF] GetCurrentUserQuery completado
2026-09-21 17:55:11.161 -06:00 [INF] Setting HTTP status code 200.
2026-09-21 17:55:11.164 -06:00 [INF] Writing value of type 'CurrentUserResponse' as Json.
2026-09-21 17:55:11.167 -06:00 [INF] Executed endpoint 'HTTP: GET /api/v1/auth/me'
2026-09-21 17:55:11.170 -06:00 [INF] Request finished HTTP/1.1 GET https://localhost:5081/api/v1/auth/me - 200 null application/json; charset=utf-8 105.2547ms
2026-09-21 17:55:11.421 -06:00 [INF] Request starting HTTP/1.1 GET https://localhost:5081/api/v1/catalog/regions - null null
2026-09-21 17:55:11.447 -06:00 [INF] Request starting HTTP/1.1 GET https://localhost:5081/api/v1/calendar?from=2026-08-25T06:00:00.000Z&to=2026-10-07T06:00:00.000Z - null null
2026-09-21 17:55:11.461 -06:00 [INF] Executing endpoint 'HTTP: GET /api/v1/catalog/regions'
2026-09-21 17:55:11.473 -06:00 [INF] Executing endpoint 'HTTP: GET /api/v1/calendar/'
2026-09-21 17:55:11.475 -06:00 [INF] Ejecutando GetRegionsQuery
2026-09-21 17:55:11.477 -06:00 [INF] Ejecutando GetPublicCalendarEventsQuery
2026-09-21 17:55:11.479 -06:00 [INF] GetRegionsQuery completado
2026-09-21 17:55:11.481 -06:00 [INF] GetPublicCalendarEventsQuery completado
2026-09-21 17:55:11.483 -06:00 [INF] Setting HTTP status code 200.
2026-09-21 17:55:11.486 -06:00 [INF] Setting HTTP status code 200.
2026-09-21 17:55:11.493 -06:00 [INF] Writing value of type 'List`1' as Json.
2026-09-21 17:55:11.495 -06:00 [INF] Writing value of type 'List`1' as Json.
2026-09-21 17:55:11.497 -06:00 [INF] Executed endpoint 'HTTP: GET /api/v1/catalog/regions'
2026-09-21 17:55:11.499 -06:00 [INF] Executed endpoint 'HTTP: GET /api/v1/calendar/'
2026-09-21 17:55:11.502 -06:00 [INF] Request finished HTTP/1.1 GET https://localhost:5081/api/v1/catalog/regions - 200 null application/json; charset=utf-8 80.8801ms
2026-09-21 17:55:11.505 -06:00 [INF] Request finished HTTP/1.1 GET https://localhost:5081/api/v1/calendar?from=2026-08-25T06:00:00.000Z&to=2026-10-07T06:00:00.000Z - 200 null application/json; charset=utf-8 57.9119ms
2026-09-21 17:55:28.648 -06:00 [INF] Request starting HTTP/1.1 GET https://localhost:5081/api/v1/payments/matrix - null null
2026-09-21 17:55:28.654 -06:00 [INF] Executing endpoint 'HTTP: GET /api/v1/payments/matrix'
2026-09-21 17:55:28.657 -06:00 [INF] Executed endpoint 'HTTP: GET /api/v1/payments/matrix'
2026-09-21 17:55:28.661 -06:00 [ERR] Excepción no controlada procesando /api/v1/payments/matrix
Microsoft.AspNetCore.Http.BadHttpRequestException: Required parameter "string periodId" was not provided from query string.
   at lambda_method103(Closure, Object, HttpContext)
   at Microsoft.AspNetCore.Routing.EndpointMiddleware.Invoke(HttpContext httpContext)
   at Microsoft.AspNetCore.Authorization.AuthorizationMiddleware.Invoke(HttpContext context)
   at Microsoft.AspNetCore.Authentication.AuthenticationMiddleware.Invoke(HttpContext context)
   at Program.<>c.<<<Main>$>b__0_4>d.MoveNext() in C:\NG\Angular\shekina-site\backend\src\Shekinah.Api\Program.cs:line 94
--- End of stack trace from previous location ---
   at Microsoft.AspNetCore.Diagnostics.ExceptionHandlerMiddlewareImpl.<Invoke>g__Awaited|10_0(ExceptionHandlerMiddlewareImpl middleware, HttpContext context, Task task)
2026-09-21 17:55:28.671 -06:00 [INF] Request finished HTTP/1.1 GET https://localhost:5081/api/v1/payments/matrix - 500 null application/json; charset=utf-8 23.6217ms
2026-09-21 17:57:14.399 -06:00 [INF] Application is shutting down...
