2026-09-24 08:57:49.730 -06:00 [INF] User profile is available. Using 'C:\Users\User\AppData\Local\ASP.NET\DataProtection-Keys' as key repository and Windows DPAPI to encrypt keys at rest.
2026-09-24 08:57:50.801 -06:00 [INF] Now listening on: https://localhost:5081
2026-09-24 08:57:50.806 -06:00 [INF] Now listening on: http://localhost:5080
2026-09-24 08:57:50.812 -06:00 [INF] Application started. Press Ctrl+C to shut down.
2026-09-24 08:57:50.814 -06:00 [INF] Hosting environment: Development
2026-09-24 08:57:50.817 -06:00 [INF] Content root path: C:\NG\Angular\shekina-site\backend\src\Shekinah.Api
2026-09-24 08:58:22.757 -06:00 [INF] Request starting HTTP/1.1 GET https://localhost:5081/api/v1/auth/me - null null
2026-09-24 08:58:22.973 -06:00 [INF] Failed to validate the token.
Microsoft.IdentityModel.Tokens.SecurityTokenExpiredException: IDX10223: Lifetime validation failed. The token is expired. ValidTo (UTC): '9/23/2026 2:52:18 PM', Current time (UTC): '9/24/2026 2:58:22 PM'.
   at Microsoft.IdentityModel.Tokens.ValidatorUtilities.ValidateLifetime(Nullable`1 notBefore, Nullable`1 expires, SecurityToken securityToken, TokenValidationParameters validationParameters)
   at Microsoft.IdentityModel.Tokens.Validators.ValidateLifetime(Nullable`1 notBefore, Nullable`1 expires, SecurityToken securityToken, TokenValidationParameters validationParameters)
   at Microsoft.IdentityModel.JsonWebTokens.JsonWebTokenHandler.ValidateTokenPayloadAsync(JsonWebToken jsonWebToken, TokenValidationParameters validationParameters, BaseConfiguration configuration)
   at Microsoft.IdentityModel.JsonWebTokens.JsonWebTokenHandler.ValidateJWSAsync(JsonWebToken jsonWebToken, TokenValidationParameters validationParameters, BaseConfiguration configuration)
2026-09-24 08:58:22.989 -06:00 [INF] Bearer was not authenticated. Failure message: IDX10223: Lifetime validation failed. The token is expired. ValidTo (UTC): '9/23/2026 2:52:18 PM', Current time (UTC): '9/24/2026 2:58:22 PM'.
2026-09-24 08:58:22.996 -06:00 [INF] Authorization failed. These requirements were not met:
DenyAnonymousAuthorizationRequirement: Requires an authenticated user.
2026-09-24 08:58:23.004 -06:00 [INF] AuthenticationScheme: Bearer was challenged.
2026-09-24 08:58:23.014 -06:00 [INF] Request finished HTTP/1.1 GET https://localhost:5081/api/v1/auth/me - 401 0 null 263.942ms
2026-09-24 08:58:23.024 -06:00 [INF] Request starting HTTP/1.1 POST https://localhost:5081/api/v1/auth/refresh - application/json 105
2026-09-24 08:58:23.033 -06:00 [INF] CORS policy execution successful.
2026-09-24 08:58:23.038 -06:00 [INF] Failed to validate the token.
Microsoft.IdentityModel.Tokens.SecurityTokenExpiredException: IDX10223: Lifetime validation failed. The token is expired. ValidTo (UTC): '9/23/2026 2:52:18 PM', Current time (UTC): '9/24/2026 2:58:23 PM'.
   at Microsoft.IdentityModel.Tokens.ValidatorUtilities.ValidateLifetime(Nullable`1 notBefore, Nullable`1 expires, SecurityToken securityToken, TokenValidationParameters validationParameters)
   at Microsoft.IdentityModel.Tokens.Validators.ValidateLifetime(Nullable`1 notBefore, Nullable`1 expires, SecurityToken securityToken, TokenValidationParameters validationParameters)
   at Microsoft.IdentityModel.JsonWebTokens.JsonWebTokenHandler.ValidateTokenPayloadAsync(JsonWebToken jsonWebToken, TokenValidationParameters validationParameters, BaseConfiguration configuration)
   at Microsoft.IdentityModel.JsonWebTokens.JsonWebTokenHandler.ValidateJWSAsync(JsonWebToken jsonWebToken, TokenValidationParameters validationParameters, BaseConfiguration configuration)
2026-09-24 08:58:23.041 -06:00 [INF] Bearer was not authenticated. Failure message: IDX10223: Lifetime validation failed. The token is expired. ValidTo (UTC): '9/23/2026 2:52:18 PM', Current time (UTC): '9/24/2026 2:58:23 PM'.
2026-09-24 08:58:23.047 -06:00 [INF] Executing endpoint 'HTTP: POST /api/v1/auth/refresh'
2026-09-24 08:58:23.070 -06:00 [INF] Ejecutando RefreshTokenCommand
2026-09-24 08:58:23.266 -06:00 [INF] RefreshTokenCommand completado
2026-09-24 08:58:23.278 -06:00 [INF] Setting HTTP status code 200.
2026-09-24 08:58:23.285 -06:00 [INF] Writing value of type 'RefreshTokenResponse' as Json.
2026-09-24 08:58:23.296 -06:00 [INF] Executed endpoint 'HTTP: POST /api/v1/auth/refresh'
2026-09-24 08:58:23.304 -06:00 [INF] Request finished HTTP/1.1 POST https://localhost:5081/api/v1/auth/refresh - 200 null application/json; charset=utf-8 280.4077ms
2026-09-24 08:58:23.312 -06:00 [INF] Request starting HTTP/1.1 GET https://localhost:5081/api/v1/auth/me - null null
2026-09-24 08:58:23.328 -06:00 [INF] Executing endpoint 'HTTP: GET /api/v1/auth/me'
2026-09-24 08:58:23.332 -06:00 [INF] Ejecutando GetCurrentUserQuery
2026-09-24 08:58:23.345 -06:00 [INF] GetCurrentUserQuery completado
2026-09-24 08:58:23.347 -06:00 [INF] Setting HTTP status code 200.
2026-09-24 08:58:23.350 -06:00 [INF] Writing value of type 'CurrentUserResponse' as Json.
2026-09-24 08:58:23.362 -06:00 [INF] Executed endpoint 'HTTP: GET /api/v1/auth/me'
2026-09-24 08:58:23.364 -06:00 [INF] Request finished HTTP/1.1 GET https://localhost:5081/api/v1/auth/me - 200 null application/json; charset=utf-8 51.8148ms
2026-09-24 08:58:25.018 -06:00 [INF] Request starting HTTP/1.1 GET https://localhost:5081/api/v1/auth/me - null null
2026-09-24 08:58:25.032 -06:00 [INF] Executing endpoint 'HTTP: GET /api/v1/auth/me'
2026-09-24 08:58:25.037 -06:00 [INF] Ejecutando GetCurrentUserQuery
2026-09-24 08:58:25.043 -06:00 [INF] GetCurrentUserQuery completado
2026-09-24 08:58:25.045 -06:00 [INF] Setting HTTP status code 200.
2026-09-24 08:58:25.047 -06:00 [INF] Writing value of type 'CurrentUserResponse' as Json.
2026-09-24 08:58:25.050 -06:00 [INF] Executed endpoint 'HTTP: GET /api/v1/auth/me'
2026-09-24 08:58:25.054 -06:00 [INF] Request finished HTTP/1.1 GET https://localhost:5081/api/v1/auth/me - 200 null application/json; charset=utf-8 36.0272ms
2026-09-24 08:58:34.668 -06:00 [INF] Request starting HTTP/1.1 GET https://localhost:5081/api/v1/catalog/regions - null null
2026-09-24 08:58:34.672 -06:00 [INF] Request starting HTTP/1.1 GET https://localhost:5081/api/v1/users?pageSize=500 - null null
2026-09-24 08:58:34.673 -06:00 [INF] Executing endpoint 'HTTP: GET /api/v1/catalog/regions'
2026-09-24 08:58:34.678 -06:00 [INF] Executing endpoint 'HTTP: GET /api/v1/users/'
2026-09-24 08:58:34.683 -06:00 [INF] Ejecutando GetRegionsQuery
2026-09-24 08:58:34.687 -06:00 [INF] Ejecutando GetUsersQuery
2026-09-24 08:58:34.690 -06:00 [INF] GetRegionsQuery completado
2026-09-24 08:58:34.692 -06:00 [INF] Setting HTTP status code 200.
2026-09-24 08:58:34.695 -06:00 [INF] Writing value of type 'List`1' as Json.
2026-09-24 08:58:34.708 -06:00 [INF] Executed endpoint 'HTTP: GET /api/v1/catalog/regions'
2026-09-24 08:58:34.711 -06:00 [INF] Request finished HTTP/1.1 GET https://localhost:5081/api/v1/catalog/regions - 200 null application/json; charset=utf-8 43.3144ms
2026-09-24 08:58:34.752 -06:00 [INF] GetUsersQuery completado
2026-09-24 08:58:34.754 -06:00 [INF] Setting HTTP status code 200.
2026-09-24 08:58:34.759 -06:00 [INF] Writing value of type 'PagedResult`1' as Json.
2026-09-24 08:58:34.766 -06:00 [INF] Executed endpoint 'HTTP: GET /api/v1/users/'
2026-09-24 08:58:34.768 -06:00 [INF] Request finished HTTP/1.1 GET https://localhost:5081/api/v1/users?pageSize=500 - 200 null application/json; charset=utf-8 96.5453ms
2026-09-24 09:13:17.124 -06:00 [INF] Request starting HTTP/1.1 GET https://localhost:5081/api/v1/auth/me - null null
2026-09-24 09:13:17.130 -06:00 [INF] Executing endpoint 'HTTP: GET /api/v1/auth/me'
2026-09-24 09:13:17.140 -06:00 [INF] Ejecutando GetCurrentUserQuery
2026-09-24 09:13:17.142 -06:00 [INF] GetCurrentUserQuery completado
2026-09-24 09:13:17.148 -06:00 [INF] Setting HTTP status code 200.
2026-09-24 09:13:17.150 -06:00 [INF] Writing value of type 'CurrentUserResponse' as Json.
2026-09-24 09:13:17.152 -06:00 [INF] Executed endpoint 'HTTP: GET /api/v1/auth/me'
2026-09-24 09:13:17.154 -06:00 [INF] Request finished HTTP/1.1 GET https://localhost:5081/api/v1/auth/me - 200 null application/json; charset=utf-8 30.4703ms
2026-09-24 09:13:17.320 -06:00 [INF] Request starting HTTP/1.1 GET https://localhost:5081/api/v1/catalog/regions - null null
2026-09-24 09:13:17.324 -06:00 [INF] Executing endpoint 'HTTP: GET /api/v1/catalog/regions'
2026-09-24 09:13:17.328 -06:00 [INF] Ejecutando GetRegionsQuery
2026-09-24 09:13:17.331 -06:00 [INF] GetRegionsQuery completado
2026-09-24 09:13:17.333 -06:00 [INF] Setting HTTP status code 200.
2026-09-24 09:13:17.335 -06:00 [INF] Writing value of type 'List`1' as Json.
2026-09-24 09:13:17.337 -06:00 [INF] Request starting HTTP/1.1 GET https://localhost:5081/api/v1/users?pageSize=500 - null null
2026-09-24 09:13:17.337 -06:00 [INF] Executed endpoint 'HTTP: GET /api/v1/catalog/regions'
2026-09-24 09:13:17.341 -06:00 [INF] Executing endpoint 'HTTP: GET /api/v1/users/'
2026-09-24 09:13:17.343 -06:00 [INF] Request finished HTTP/1.1 GET https://localhost:5081/api/v1/catalog/regions - 200 null application/json; charset=utf-8 23.6951ms
2026-09-24 09:13:17.348 -06:00 [INF] Ejecutando GetUsersQuery
2026-09-24 09:13:17.357 -06:00 [INF] GetUsersQuery completado
2026-09-24 09:13:17.359 -06:00 [INF] Setting HTTP status code 200.
2026-09-24 09:13:17.360 -06:00 [INF] Writing value of type 'PagedResult`1' as Json.
2026-09-24 09:13:17.363 -06:00 [INF] Executed endpoint 'HTTP: GET /api/v1/users/'
2026-09-24 09:13:17.365 -06:00 [INF] Request finished HTTP/1.1 GET https://localhost:5081/api/v1/users?pageSize=500 - 200 null application/json; charset=utf-8 28.4354ms
2026-09-24 09:24:23.893 -06:00 [INF] Application is shutting down...
2026-09-24 09:24:33.097 -06:00 [INF] User profile is available. Using 'C:\Users\User\AppData\Local\ASP.NET\DataProtection-Keys' as key repository and Windows DPAPI to encrypt keys at rest.
2026-09-24 09:24:33.589 -06:00 [INF] Now listening on: https://localhost:5081
2026-09-24 09:24:33.594 -06:00 [INF] Now listening on: http://localhost:5080
2026-09-24 09:24:33.599 -06:00 [INF] Application started. Press Ctrl+C to shut down.
2026-09-24 09:24:33.601 -06:00 [INF] Hosting environment: Development
2026-09-24 09:24:33.603 -06:00 [INF] Content root path: C:\NG\Angular\shekina-site\backend\src\Shekinah.Api
2026-09-24 09:24:34.180 -06:00 [INF] Request starting HTTP/2 GET https://localhost:5081/scalar/v1 - null null
2026-09-24 09:24:34.321 -06:00 [INF] Authorization failed. These requirements were not met:
DenyAnonymousAuthorizationRequirement: Requires an authenticated user.
2026-09-24 09:24:34.328 -06:00 [INF] AuthenticationScheme: Bearer was challenged.
2026-09-24 09:24:34.331 -06:00 [INF] Request finished HTTP/2 GET https://localhost:5081/scalar/v1 - 401 0 null 157.3797ms
2026-09-24 09:24:48.881 -06:00 [INF] Request starting HTTP/1.1 GET https://localhost:5081/api/v1/auth/me - null null
2026-09-24 09:24:48.975 -06:00 [INF] Failed to validate the token.
Microsoft.IdentityModel.Tokens.SecurityTokenExpiredException: IDX10223: Lifetime validation failed. The token is expired. ValidTo (UTC): '9/24/2026 3:13:23 PM', Current time (UTC): '9/24/2026 3:24:48 PM'.
   at Microsoft.IdentityModel.Tokens.ValidatorUtilities.ValidateLifetime(Nullable`1 notBefore, Nullable`1 expires, SecurityToken securityToken, TokenValidationParameters validationParameters)
   at Microsoft.IdentityModel.Tokens.Validators.ValidateLifetime(Nullable`1 notBefore, Nullable`1 expires, SecurityToken securityToken, TokenValidationParameters validationParameters)
   at Microsoft.IdentityModel.JsonWebTokens.JsonWebTokenHandler.ValidateTokenPayloadAsync(JsonWebToken jsonWebToken, TokenValidationParameters validationParameters, BaseConfiguration configuration)
   at Microsoft.IdentityModel.JsonWebTokens.JsonWebTokenHandler.ValidateJWSAsync(JsonWebToken jsonWebToken, TokenValidationParameters validationParameters, BaseConfiguration configuration)
2026-09-24 09:24:48.987 -06:00 [INF] Bearer was not authenticated. Failure message: IDX10223: Lifetime validation failed. The token is expired. ValidTo (UTC): '9/24/2026 3:13:23 PM', Current time (UTC): '9/24/2026 3:24:48 PM'.
2026-09-24 09:24:48.991 -06:00 [INF] Authorization failed. These requirements were not met:
DenyAnonymousAuthorizationRequirement: Requires an authenticated user.
2026-09-24 09:24:48.994 -06:00 [INF] AuthenticationScheme: Bearer was challenged.
2026-09-24 09:24:48.997 -06:00 [INF] Request finished HTTP/1.1 GET https://localhost:5081/api/v1/auth/me - 401 0 null 115.466ms
2026-09-24 09:24:49.005 -06:00 [INF] Request starting HTTP/1.1 POST https://localhost:5081/api/v1/auth/refresh - application/json 105
2026-09-24 09:24:49.011 -06:00 [INF] CORS policy execution successful.
2026-09-24 09:24:49.014 -06:00 [INF] Failed to validate the token.
Microsoft.IdentityModel.Tokens.SecurityTokenExpiredException: IDX10223: Lifetime validation failed. The token is expired. ValidTo (UTC): '9/24/2026 3:13:23 PM', Current time (UTC): '9/24/2026 3:24:49 PM'.
   at Microsoft.IdentityModel.Tokens.ValidatorUtilities.ValidateLifetime(Nullable`1 notBefore, Nullable`1 expires, SecurityToken securityToken, TokenValidationParameters validationParameters)
   at Microsoft.IdentityModel.Tokens.Validators.ValidateLifetime(Nullable`1 notBefore, Nullable`1 expires, SecurityToken securityToken, TokenValidationParameters validationParameters)
   at Microsoft.IdentityModel.JsonWebTokens.JsonWebTokenHandler.ValidateTokenPayloadAsync(JsonWebToken jsonWebToken, TokenValidationParameters validationParameters, BaseConfiguration configuration)
   at Microsoft.IdentityModel.JsonWebTokens.JsonWebTokenHandler.ValidateJWSAsync(JsonWebToken jsonWebToken, TokenValidationParameters validationParameters, BaseConfiguration configuration)
2026-09-24 09:24:49.018 -06:00 [INF] Bearer was not authenticated. Failure message: IDX10223: Lifetime validation failed. The token is expired. ValidTo (UTC): '9/24/2026 3:13:23 PM', Current time (UTC): '9/24/2026 3:24:49 PM'.
2026-09-24 09:24:49.024 -06:00 [INF] Executing endpoint 'HTTP: POST /api/v1/auth/refresh'
2026-09-24 09:24:49.046 -06:00 [INF] Ejecutando RefreshTokenCommand
2026-09-24 09:24:49.212 -06:00 [INF] RefreshTokenCommand completado
2026-09-24 09:24:49.221 -06:00 [INF] Setting HTTP status code 200.
2026-09-24 09:24:49.226 -06:00 [INF] Writing value of type 'RefreshTokenResponse' as Json.
2026-09-24 09:24:49.237 -06:00 [INF] Executed endpoint 'HTTP: POST /api/v1/auth/refresh'
2026-09-24 09:24:49.244 -06:00 [INF] Request finished HTTP/1.1 POST https://localhost:5081/api/v1/auth/refresh - 200 null application/json; charset=utf-8 238.7706ms
2026-09-24 09:24:49.250 -06:00 [INF] Request starting HTTP/1.1 GET https://localhost:5081/api/v1/auth/me - null null
2026-09-24 09:24:49.269 -06:00 [INF] Executing endpoint 'HTTP: GET /api/v1/auth/me'
2026-09-24 09:24:49.273 -06:00 [INF] Ejecutando GetCurrentUserQuery
2026-09-24 09:24:49.282 -06:00 [INF] GetCurrentUserQuery completado
2026-09-24 09:24:49.284 -06:00 [INF] Setting HTTP status code 200.
2026-09-24 09:24:49.288 -06:00 [INF] Writing value of type 'CurrentUserResponse' as Json.
2026-09-24 09:24:49.299 -06:00 [INF] Executed endpoint 'HTTP: GET /api/v1/auth/me'
2026-09-24 09:24:49.302 -06:00 [INF] Request finished HTTP/1.1 GET https://localhost:5081/api/v1/auth/me - 200 null application/json; charset=utf-8 52.0703ms
2026-09-24 09:24:49.327 -06:00 [INF] Request starting HTTP/1.1 GET https://localhost:5081/api/v1/catalog/regions - null null
2026-09-24 09:24:49.331 -06:00 [INF] Executing endpoint 'HTTP: GET /api/v1/catalog/regions'
2026-09-24 09:24:49.331 -06:00 [INF] Request starting HTTP/1.1 GET https://localhost:5081/api/v1/users?pageSize=500 - null null
2026-09-24 09:24:49.337 -06:00 [INF] Ejecutando GetRegionsQuery
2026-09-24 09:24:49.338 -06:00 [INF] Executing endpoint 'HTTP: GET /api/v1/users/'
2026-09-24 09:24:49.344 -06:00 [INF] GetRegionsQuery completado
2026-09-24 09:24:49.347 -06:00 [INF] Setting HTTP status code 200.
2026-09-24 09:24:49.348 -06:00 [INF] Ejecutando GetUsersQuery
2026-09-24 09:24:49.350 -06:00 [INF] Writing value of type 'List`1' as Json.
2026-09-24 09:24:49.362 -06:00 [INF] Executed endpoint 'HTTP: GET /api/v1/catalog/regions'
2026-09-24 09:24:49.365 -06:00 [INF] Request finished HTTP/1.1 GET https://localhost:5081/api/v1/catalog/regions - 200 null application/json; charset=utf-8 38.3613ms
2026-09-24 09:24:49.407 -06:00 [INF] GetUsersQuery completado
2026-09-24 09:24:49.409 -06:00 [INF] Setting HTTP status code 200.
2026-09-24 09:24:49.414 -06:00 [INF] Writing value of type 'PagedResult`1' as Json.
2026-09-24 09:24:49.431 -06:00 [INF] Executed endpoint 'HTTP: GET /api/v1/users/'
2026-09-24 09:24:49.433 -06:00 [INF] Request finished HTTP/1.1 GET https://localhost:5081/api/v1/users?pageSize=500 - 200 null application/json; charset=utf-8 101.9943ms
2026-09-24 09:25:13.837 -06:00 [INF] Request starting HTTP/1.1 PUT https://localhost:5081/api/v1/users/2df3ff5af8651ae17d83671c/profile - application/json 109
2026-09-24 09:25:13.841 -06:00 [INF] CORS policy execution successful.
2026-09-24 09:25:13.843 -06:00 [INF] Executing endpoint 'HTTP: PUT /api/v1/users/{id}/profile'
2026-09-24 09:25:13.871 -06:00 [INF] Ejecutando AdminUpdateUserCommand
2026-09-24 09:25:14.357 -06:00 [INF] AdminUpdateUserCommand completado
2026-09-24 09:25:14.361 -06:00 [INF] Setting HTTP status code 200.
2026-09-24 09:25:14.368 -06:00 [INF] Writing value of type 'Unit' as Json.
2026-09-24 09:25:14.376 -06:00 [INF] Executed endpoint 'HTTP: PUT /api/v1/users/{id}/profile'
2026-09-24 09:25:14.378 -06:00 [INF] Request finished HTTP/1.1 PUT https://localhost:5081/api/v1/users/2df3ff5af8651ae17d83671c/profile - 200 null application/json; charset=utf-8 541.6072ms
2026-09-24 09:25:14.387 -06:00 [INF] Request starting HTTP/1.1 GET https://localhost:5081/api/v1/users?pageSize=500 - null null
2026-09-24 09:25:14.391 -06:00 [INF] Executing endpoint 'HTTP: GET /api/v1/users/'
2026-09-24 09:25:14.395 -06:00 [INF] Ejecutando GetUsersQuery
2026-09-24 09:25:14.399 -06:00 [INF] GetUsersQuery completado
2026-09-24 09:25:14.401 -06:00 [INF] Setting HTTP status code 200.
2026-09-24 09:25:14.403 -06:00 [INF] Writing value of type 'PagedResult`1' as Json.
2026-09-24 09:25:14.405 -06:00 [INF] Executed endpoint 'HTTP: GET /api/v1/users/'
2026-09-24 09:25:14.407 -06:00 [INF] Request finished HTTP/1.1 GET https://localhost:5081/api/v1/users?pageSize=500 - 200 null application/json; charset=utf-8 20.2062ms
2026-09-24 09:25:35.473 -06:00 [INF] Request starting HTTP/1.1 POST https://localhost:5081/api/v1/auth/login - application/json 56
2026-09-24 09:25:35.477 -06:00 [INF] CORS policy execution successful.
2026-09-24 09:25:35.478 -06:00 [INF] Executing endpoint 'HTTP: POST /api/v1/auth/login'
2026-09-24 09:25:35.484 -06:00 [INF] Ejecutando LoginCommand
2026-09-24 09:25:35.726 -06:00 [INF] LoginCommand completado
2026-09-24 09:25:35.728 -06:00 [INF] Setting HTTP status code 200.
2026-09-24 09:25:35.731 -06:00 [INF] Writing value of type 'LoginResponse' as Json.
2026-09-24 09:25:35.736 -06:00 [INF] Executed endpoint 'HTTP: POST /api/v1/auth/login'
2026-09-24 09:25:35.739 -06:00 [INF] Request finished HTTP/1.1 POST https://localhost:5081/api/v1/auth/login - 200 null application/json; charset=utf-8 265.7367ms
2026-09-24 09:25:35.747 -06:00 [INF] Request starting HTTP/1.1 GET https://localhost:5081/api/v1/auth/me - null null
2026-09-24 09:25:35.752 -06:00 [INF] Executing endpoint 'HTTP: GET /api/v1/auth/me'
2026-09-24 09:25:35.755 -06:00 [INF] Ejecutando GetCurrentUserQuery
2026-09-24 09:25:35.760 -06:00 [INF] GetCurrentUserQuery completado
2026-09-24 09:25:35.762 -06:00 [INF] Setting HTTP status code 200.
2026-09-24 09:25:35.764 -06:00 [INF] Writing value of type 'CurrentUserResponse' as Json.
2026-09-24 09:25:35.767 -06:00 [INF] Executed endpoint 'HTTP: GET /api/v1/auth/me'
2026-09-24 09:25:35.770 -06:00 [INF] Request finished HTTP/1.1 GET https://localhost:5081/api/v1/auth/me - 200 null application/json; charset=utf-8 23.2896ms
2026-09-24 09:30:05.033 -06:00 [INF] Request starting HTTP/1.1 POST https://localhost:5081/api/v1/auth/login - application/json 77
2026-09-24 09:30:05.038 -06:00 [INF] CORS policy execution successful.
2026-09-24 09:30:05.039 -06:00 [INF] Executing endpoint 'HTTP: POST /api/v1/auth/login'
2026-09-24 09:30:05.044 -06:00 [INF] Ejecutando LoginCommand
2026-09-24 09:30:05.279 -06:00 [INF] LoginCommand completado
2026-09-24 09:30:05.281 -06:00 [INF] Setting HTTP status code 200.
2026-09-24 09:30:05.282 -06:00 [INF] Writing value of type 'LoginResponse' as Json.
2026-09-24 09:30:05.284 -06:00 [INF] Executed endpoint 'HTTP: POST /api/v1/auth/login'
2026-09-24 09:30:05.287 -06:00 [INF] Request finished HTTP/1.1 POST https://localhost:5081/api/v1/auth/login - 200 null application/json; charset=utf-8 253.5436ms
2026-09-24 09:30:05.295 -06:00 [INF] Request starting HTTP/1.1 GET https://localhost:5081/api/v1/auth/me - null null
2026-09-24 09:30:05.300 -06:00 [INF] Executing endpoint 'HTTP: GET /api/v1/auth/me'
2026-09-24 09:30:05.310 -06:00 [INF] Ejecutando GetCurrentUserQuery
2026-09-24 09:30:05.313 -06:00 [INF] GetCurrentUserQuery completado
2026-09-24 09:30:05.314 -06:00 [INF] Setting HTTP status code 200.
2026-09-24 09:30:05.316 -06:00 [INF] Writing value of type 'CurrentUserResponse' as Json.
2026-09-24 09:30:05.319 -06:00 [INF] Executed endpoint 'HTTP: GET /api/v1/auth/me'
2026-09-24 09:30:05.321 -06:00 [INF] Request finished HTTP/1.1 GET https://localhost:5081/api/v1/auth/me - 200 null application/json; charset=utf-8 25.506ms
2026-09-24 09:32:37.774 -06:00 [INF] Request starting HTTP/1.1 GET https://localhost:5081/api/v1/auth/me - null null
2026-09-24 09:32:37.779 -06:00 [INF] Executing endpoint 'HTTP: GET /api/v1/auth/me'
2026-09-24 09:32:37.781 -06:00 [INF] Ejecutando GetCurrentUserQuery
2026-09-24 09:32:37.783 -06:00 [INF] GetCurrentUserQuery completado
2026-09-24 09:32:37.785 -06:00 [INF] Setting HTTP status code 200.
2026-09-24 09:32:37.787 -06:00 [INF] Writing value of type 'CurrentUserResponse' as Json.
2026-09-24 09:32:37.789 -06:00 [INF] Executed endpoint 'HTTP: GET /api/v1/auth/me'
2026-09-24 09:32:37.792 -06:00 [INF] Request finished HTTP/1.1 GET https://localhost:5081/api/v1/auth/me - 200 null application/json; charset=utf-8 17.0844ms
2026-09-24 09:41:35.419 -06:00 [INF] Request starting HTTP/1.1 GET https://localhost:5081/api/v1/auth/me - null null
2026-09-24 09:41:35.427 -06:00 [INF] Executing endpoint 'HTTP: GET /api/v1/auth/me'
2026-09-24 09:41:35.437 -06:00 [INF] Ejecutando GetCurrentUserQuery
2026-09-24 09:41:35.440 -06:00 [INF] GetCurrentUserQuery completado
2026-09-24 09:41:35.443 -06:00 [INF] Setting HTTP status code 200.
2026-09-24 09:41:35.448 -06:00 [INF] Writing value of type 'CurrentUserResponse' as Json.
2026-09-24 09:41:35.451 -06:00 [INF] Executed endpoint 'HTTP: GET /api/v1/auth/me'
2026-09-24 09:41:35.455 -06:00 [INF] Request finished HTTP/1.1 GET https://localhost:5081/api/v1/auth/me - 200 null application/json; charset=utf-8 36.675ms
2026-09-24 09:42:18.159 -06:00 [INF] Application is shutting down...
